Java HotSpot(TM) 64-Bit Server VM (25.152-b16) for windows-amd64 JRE (1.8.0_152-b16), built on Sep 14 2017 02:29:36 by "java_re" with MS VC++ 10.0 (VS2010)
Memory: 4k page, physical 16656464k(4687564k free), swap 23523324k(4874736k free)
CommandLine flags: -XX:InitialHeapSize=1073741824 -XX:MaxGCPauseMillis=50 -XX:MaxHeapSize=1073741824 -XX:+PrintGC -XX:+PrintGCDateStamps -XX:+PrintGCDetails -XX:+PrintGCTimeStamps -XX:+UseCompressedClassPointers -XX:+UseCompressedOops -XX:+UseG1GC -XX:-UseLargePagesIndividualAllocation 
2020-10-28T19:56:00.363+0800: 0.622: [GC pause (G1 Evacuation Pause) (young), 0.0049720 secs]
   [Parallel Time: 2.9 ms, GC Workers: 8]
      [GC Worker Start (ms): Min: 622.1, Avg: 622.1, Max: 622.1, Diff: 0.1]
      [Ext Root Scanning (ms): Min: 0.0, Avg: 0.3, Max: 1.2, Diff: 1.2, Sum: 2.7]
      [Update RS (ms): Min: 0.0, Avg: 0.0, Max: 0.0, Diff: 0.0, Sum: 0.0]
         [Processed Buffers: Min: 0, Avg: 0.0, Max: 0, Diff: 0, Sum: 0]
      [Scan RS (ms): Min: 0.0, Avg: 0.0, Max: 0.0, Diff: 0.0, Sum: 0.0]
      [Code Root Scanning (ms): Min: 0.0, Avg: 0.1, Max: 0.4, Diff: 0.4, Sum: 1.0]
      [Object Copy (ms): Min: 1.6, Avg: 2.1, Max: 2.3, Diff: 0.7, Sum: 16.5]
      [Termination (ms): Min: 0.0, Avg: 0.1, Max: 0.1, Diff: 0.1, Sum: 0.4]
         [Termination Attempts: Min: 1, Avg: 26.1, Max: 43, Diff: 42, Sum: 209]
      [GC Worker Other (ms): Min: 0.0, Avg: 0.2, Max: 0.8, Diff: 0.7, Sum: 2.0]
      [GC Worker Total (ms): Min: 2.8, Avg: 2.8, Max: 2.9, Diff: 0.1, Sum: 22.7]
      [GC Worker End (ms): Min: 624.9, Avg: 624.9, Max: 625.0, Diff: 0.0]
   [Code Root Fixup: 0.1 ms]
   [Code Root Purge: 0.1 ms]
   [Clear CT: 0.1 ms]
   [Other: 1.8 ms]
      [Choose CSet: 0.0 ms]
      [Ref Proc: 1.4 ms]
      [Ref Enq: 0.0 ms]
      [Redirty Cards: 0.1 ms]
      [Humongous Register: 0.0 ms]
      [Humongous Reclaim: 0.0 ms]
      [Free CSet: 0.1 ms]
   [Eden: 51.0M(51.0M)->0.0B(46.0M) Survivors: 0.0B->5120.0K Heap: 51.0M(1024.0M)->4401.5K(1024.0M)]
 [Times: user=0.00 sys=0.00, real=0.01 secs] 
2020-10-28T19:56:00.524+0800: 0.783: [GC pause (G1 Evacuation Pause) (young), 0.0053433 secs]
   [Parallel Time: 3.3 ms, GC Workers: 8]
      [GC Worker Start (ms): Min: 783.1, Avg: 783.2, Max: 783.5, Diff: 0.4]
      [Ext Root Scanning (ms): Min: 0.0, Avg: 0.5, Max: 2.1, Diff: 2.1, Sum: 3.6]
      [Update RS (ms): Min: 0.0, Avg: 0.0, Max: 0.0, Diff: 0.0, Sum: 0.0]
         [Processed Buffers: Min: 0, Avg: 0.0, Max: 0, Diff: 0, Sum: 0]
      [Scan RS (ms): Min: 0.0, Avg: 0.0, Max: 0.0, Diff: 0.0, Sum: 0.0]
      [Code Root Scanning (ms): Min: 0.0, Avg: 0.2, Max: 1.0, Diff: 1.0, Sum: 1.9]
      [Object Copy (ms): Min: 1.0, Avg: 2.3, Max: 2.9, Diff: 1.9, Sum: 18.8]
      [Termination (ms): Min: 0.0, Avg: 0.0, Max: 0.1, Diff: 0.1, Sum: 0.3]
         [Termination Attempts: Min: 1, Avg: 46.0, Max: 71, Diff: 70, Sum: 368]
      [GC Worker Other (ms): Min: 0.0, Avg: 0.0, Max: 0.0, Diff: 0.0, Sum: 0.1]
      [GC Worker Total (ms): Min: 2.8, Avg: 3.1, Max: 3.2, Diff: 0.4, Sum: 24.8]
      [GC Worker End (ms): Min: 786.2, Avg: 786.3, Max: 786.3, Diff: 0.0]
   [Code Root Fixup: 0.1 ms]
   [Code Root Purge: 0.0 ms]
   [Clear CT: 0.1 ms]
   [Other: 1.9 ms]
      [Choose CSet: 0.0 ms]
      [Ref Proc: 1.6 ms]
      [Ref Enq: 0.0 ms]
      [Redirty Cards: 0.1 ms]
      [Humongous Register: 0.1 ms]
      [Humongous Reclaim: 0.0 ms]
      [Free CSet: 0.1 ms]
   [Eden: 46.0M(46.0M)->0.0B(47.0M) Survivors: 5120.0K->7168.0K Heap: 50.3M(1024.0M)->8813.0K(1024.0M)]
 [Times: user=0.00 sys=0.00, real=0.01 secs] 
2020-10-28T19:56:00.680+0800: 0.939: [GC pause (G1 Evacuation Pause) (young), 0.0058104 secs]
   [Parallel Time: 4.0 ms, GC Workers: 8]
      [GC Worker Start (ms): Min: 939.0, Avg: 939.1, Max: 939.4, Diff: 0.4]
      [Ext Root Scanning (ms): Min: 0.0, Avg: 0.4, Max: 1.6, Diff: 1.6, Sum: 3.1]
      [Update RS (ms): Min: 0.0, Avg: 0.0, Max: 0.2, Diff: 0.2, Sum: 0.2]
         [Processed Buffers: Min: 0, Avg: 0.1, Max: 1, Diff: 1, Sum: 1]
      [Scan RS (ms): Min: 0.0, Avg: 0.0, Max: 0.0, Diff: 0.0, Sum: 0.0]
      [Code Root Scanning (ms): Min: 0.0, Avg: 0.3, Max: 1.1, Diff: 1.1, Sum: 2.5]
      [Object Copy (ms): Min: 2.1, Avg: 2.9, Max: 3.4, Diff: 1.3, Sum: 23.4]
      [Termination (ms): Min: 0.0, Avg: 0.0, Max: 0.0, Diff: 0.0, Sum: 0.1]
         [Termination Attempts: Min: 1, Avg: 74.8, Max: 100, Diff: 99, Sum: 598]
      [GC Worker Other (ms): Min: 0.0, Avg: 0.0, Max: 0.0, Diff: 0.0, Sum: 0.1]
      [GC Worker Total (ms): Min: 3.4, Avg: 3.7, Max: 3.7, Diff: 0.4, Sum: 29.4]
      [GC Worker End (ms): Min: 942.7, Avg: 942.7, Max: 942.7, Diff: 0.0]
   [Code Root Fixup: 0.1 ms]
   [Code Root Purge: 0.0 ms]
   [Clear CT: 0.1 ms]
   [Other: 1.7 ms]
      [Choose CSet: 0.0 ms]
      [Ref Proc: 1.3 ms]
      [Ref Enq: 0.0 ms]
      [Redirty Cards: 0.1 ms]
      [Humongous Register: 0.0 ms]
      [Humongous Reclaim: 0.0 ms]
      [Free CSet: 0.1 ms]
   [Eden: 47.0M(47.0M)->0.0B(54.0M) Survivors: 7168.0K->5120.0K Heap: 55.6M(1024.0M)->8903.7K(1024.0M)]
 [Times: user=0.00 sys=0.00, real=0.01 secs] 
2020-10-28T19:56:00.876+0800: 1.135: [GC pause (G1 Evacuation Pause) (young), 0.0054248 secs]
   [Parallel Time: 2.8 ms, GC Workers: 8]
      [GC Worker Start (ms): Min: 1134.7, Avg: 1135.1, Max: 1137.3, Diff: 2.6]
      [Ext Root Scanning (ms): Min: 0.0, Avg: 0.6, Max: 2.7, Diff: 2.7, Sum: 4.7]
      [Update RS (ms): Min: 0.0, Avg: 0.2, Max: 0.4, Diff: 0.4, Sum: 1.9]
         [Processed Buffers: Min: 0, Avg: 1.5, Max: 5, Diff: 5, Sum: 12]
      [Scan RS (ms): Min: 0.0, Avg: 0.1, Max: 0.2, Diff: 0.2, Sum: 0.6]
      [Code Root Scanning (ms): Min: 0.0, Avg: 0.0, Max: 0.1, Diff: 0.1, Sum: 0.2]
      [Object Copy (ms): Min: 0.0, Avg: 1.3, Max: 1.8, Diff: 1.8, Sum: 10.3]
      [Termination (ms): Min: 0.0, Avg: 0.2, Max: 0.3, Diff: 0.3, Sum: 1.6]
         [Termination Attempts: Min: 1, Avg: 4.3, Max: 9, Diff: 8, Sum: 34]
      [GC Worker Other (ms): Min: 0.0, Avg: 0.0, Max: 0.0, Diff: 0.0, Sum: 0.1]
      [GC Worker Total (ms): Min: 0.2, Avg: 2.4, Max: 2.8, Diff: 2.6, Sum: 19.4]
      [GC Worker End (ms): Min: 1137.5, Avg: 1137.5, Max: 1137.5, Diff: 0.0]
   [Code Root Fixup: 0.0 ms]
   [Code Root Purge: 0.0 ms]
   [Clear CT: 0.1 ms]
   [Other: 2.4 ms]
      [Choose CSet: 0.0 ms]
      [Ref Proc: 2.1 ms]
      [Ref Enq: 0.0 ms]
      [Redirty Cards: 0.1 ms]
      [Humongous Register: 0.0 ms]
      [Humongous Reclaim: 0.0 ms]
      [Free CSet: 0.1 ms]
   [Eden: 50.0M(50.0M)->0.0B(62.0M) Survivors: 5120.0K->7168.0K Heap: 58.7M(1024.0M)->11.4M(1024.0M)]
 [Times: user=0.11 sys=0.00, real=0.01 secs] 
2020-10-28T19:56:01.055+0800: 1.314: [GC pause (Metadata GC Threshold) (young) (initial-mark), 0.0060240 secs]
   [Parallel Time: 3.6 ms, GC Workers: 8]
      [GC Worker Start (ms): Min: 1313.8, Avg: 1314.0, Max: 1314.2, Diff: 0.4]
      [Ext Root Scanning (ms): Min: 0.9, Avg: 1.1, Max: 1.4, Diff: 0.5, Sum: 8.7]
      [Update RS (ms): Min: 0.0, Avg: 0.2, Max: 0.4, Diff: 0.4, Sum: 1.3]
         [Processed Buffers: Min: 0, Avg: 1.4, Max: 5, Diff: 5, Sum: 11]
      [Scan RS (ms): Min: 0.0, Avg: 0.0, Max: 0.0, Diff: 0.0, Sum: 0.0]
      [Code Root Scanning (ms): Min: 0.0, Avg: 0.0, Max: 0.1, Diff: 0.1, Sum: 0.2]
      [Object Copy (ms): Min: 1.8, Avg: 2.0, Max: 2.2, Diff: 0.3, Sum: 15.7]
      [Termination (ms): Min: 0.0, Avg: 0.1, Max: 0.1, Diff: 0.1, Sum: 0.5]
         [Termination Attempts: Min: 1, Avg: 25.9, Max: 43, Diff: 42, Sum: 207]
      [GC Worker Other (ms): Min: 0.0, Avg: 0.0, Max: 0.0, Diff: 0.0, Sum: 0.1]
      [GC Worker Total (ms): Min: 3.0, Avg: 3.3, Max: 3.5, Diff: 0.5, Sum: 26.6]
      [GC Worker End (ms): Min: 1317.3, Avg: 1317.3, Max: 1317.3, Diff: 0.1]
   [Code Root Fixup: 0.0 ms]
   [Code Root Purge: 0.0 ms]
   [Clear CT: 0.1 ms]
   [Other: 2.3 ms]
      [Choose CSet: 0.0 ms]
      [Ref Proc: 1.9 ms]
      [Ref Enq: 0.0 ms]
      [Redirty Cards: 0.1 ms]
      [Humongous Register: 0.0 ms]
      [Humongous Reclaim: 0.0 ms]
      [Free CSet: 0.1 ms]
   [Eden: 48.0M(62.0M)->0.0B(76.0M) Survivors: 7168.0K->8192.0K Heap: 59.4M(1024.0M)->11.8M(1024.0M)]
 [Times: user=0.00 sys=0.00, real=0.01 secs] 
2020-10-28T19:56:01.061+0800: 1.320: [GC concurrent-root-region-scan-start]
2020-10-28T19:56:01.066+0800: 1.325: [GC concurrent-root-region-scan-end, 0.0046533 secs]
2020-10-28T19:56:01.066+0800: 1.325: [GC concurrent-mark-start]
2020-10-28T19:56:01.071+0800: 1.330: [GC concurrent-mark-end, 0.0050533 secs]
2020-10-28T19:56:01.071+0800: 1.330: [GC remark 2020-10-28T19:56:01.071+0800: 1.330: [Finalize Marking, 0.0001466 secs] 2020-10-28T19:56:01.071+0800: 1.330: [GC ref-proc, 0.0004122 secs] 2020-10-28T19:56:01.072+0800: 1.330: [Unloading, 0.0026161 secs], 0.0034242 secs]
 [Times: user=0.00 sys=0.00, real=0.00 secs] 
2020-10-28T19:56:01.075+0800: 1.333: [GC cleanup 12M->11M(1024M), 0.0008307 secs]
 [Times: user=0.00 sys=0.00, real=0.00 secs] 
2020-10-28T19:56:01.076+0800: 1.334: [GC concurrent-cleanup-start]
2020-10-28T19:56:01.076+0800: 1.334: [GC concurrent-cleanup-end, 0.0000095 secs]
2020-10-28T19:56:01.435+0800: 1.694: [GC pause (G1 Evacuation Pause) (young), 0.0064976 secs]
   [Parallel Time: 4.3 ms, GC Workers: 8]
      [GC Worker Start (ms): Min: 1693.6, Avg: 1693.8, Max: 1694.2, Diff: 0.6]
      [Ext Root Scanning (ms): Min: 0.0, Avg: 0.4, Max: 2.0, Diff: 2.0, Sum: 3.6]
      [Update RS (ms): Min: 0.0, Avg: 0.2, Max: 0.4, Diff: 0.4, Sum: 1.8]
         [Processed Buffers: Min: 0, Avg: 1.5, Max: 4, Diff: 4, Sum: 12]
      [Scan RS (ms): Min: 0.0, Avg: 0.0, Max: 0.0, Diff: 0.0, Sum: 0.1]
      [Code Root Scanning (ms): Min: 0.0, Avg: 0.1, Max: 0.3, Diff: 0.3, Sum: 1.2]
      [Object Copy (ms): Min: 2.3, Avg: 3.3, Max: 3.6, Diff: 1.3, Sum: 26.2]
      [Termination (ms): Min: 0.0, Avg: 0.0, Max: 0.0, Diff: 0.0, Sum: 0.0]
         [Termination Attempts: Min: 1, Avg: 25.8, Max: 38, Diff: 37, Sum: 206]
      [GC Worker Other (ms): Min: 0.0, Avg: 0.0, Max: 0.0, Diff: 0.0, Sum: 0.1]
      [GC Worker Total (ms): Min: 3.7, Avg: 4.1, Max: 4.3, Diff: 0.6, Sum: 33.0]
      [GC Worker End (ms): Min: 1697.9, Avg: 1697.9, Max: 1697.9, Diff: 0.0]
   [Code Root Fixup: 0.0 ms]
   [Code Root Purge: 0.0 ms]
   [Clear CT: 0.1 ms]
   [Other: 2.0 ms]
      [Choose CSet: 0.0 ms]
      [Ref Proc: 1.7 ms]
      [Ref Enq: 0.0 ms]
      [Redirty Cards: 0.1 ms]
      [Humongous Register: 0.0 ms]
      [Humongous Reclaim: 0.0 ms]
      [Free CSet: 0.0 ms]
   [Eden: 76.0M(76.0M)->0.0B(206.0M) Survivors: 8192.0K->10.0M Heap: 86.8M(1024.0M)->12.9M(1024.0M)]
 [Times: user=0.06 sys=0.00, real=0.01 secs] 
2020-10-28T19:56:03.112+0800: 3.371: [GC pause (G1 Evacuation Pause) (young), 0.0136649 secs]
   [Parallel Time: 9.0 ms, GC Workers: 8]
      [GC Worker Start (ms): Min: 3371.4, Avg: 3371.4, Max: 3371.5, Diff: 0.1]
      [Ext Root Scanning (ms): Min: 0.2, Avg: 0.6, Max: 2.6, Diff: 2.5, Sum: 4.7]
      [Update RS (ms): Min: 0.0, Avg: 0.2, Max: 0.3, Diff: 0.3, Sum: 1.5]
         [Processed Buffers: Min: 0, Avg: 1.4, Max: 4, Diff: 4, Sum: 11]
      [Scan RS (ms): Min: 0.0, Avg: 0.0, Max: 0.0, Diff: 0.0, Sum: 0.1]
      [Code Root Scanning (ms): Min: 0.0, Avg: 0.2, Max: 0.4, Diff: 0.4, Sum: 1.4]
      [Object Copy (ms): Min: 6.3, Avg: 7.9, Max: 8.4, Diff: 2.1, Sum: 63.6]
      [Termination (ms): Min: 0.0, Avg: 0.0, Max: 0.0, Diff: 0.0, Sum: 0.0]
         [Termination Attempts: Min: 1, Avg: 16.9, Max: 26, Diff: 25, Sum: 135]
      [GC Worker Other (ms): Min: 0.0, Avg: 0.0, Max: 0.0, Diff: 0.0, Sum: 0.2]
      [GC Worker Total (ms): Min: 8.9, Avg: 8.9, Max: 9.0, Diff: 0.1, Sum: 71.5]
      [GC Worker End (ms): Min: 3380.4, Avg: 3380.4, Max: 3380.4, Diff: 0.0]
   [Code Root Fixup: 0.2 ms]
   [Code Root Purge: 0.0 ms]
   [Clear CT: 0.2 ms]
   [Other: 4.2 ms]
      [Choose CSet: 0.0 ms]
      [Ref Proc: 3.2 ms]
      [Ref Enq: 0.0 ms]
      [Redirty Cards: 0.6 ms]
      [Humongous Register: 0.0 ms]
      [Humongous Reclaim: 0.0 ms]
      [Free CSet: 0.2 ms]
   [Eden: 206.0M(206.0M)->0.0B(252.0M) Survivors: 10.0M->20.0M Heap: 218.9M(1024.0M)->23.4M(1024.0M)]
 [Times: user=0.00 sys=0.00, real=0.01 secs] 
2020-10-28T19:56:31.439+0800: 31.698: [GC pause (Metadata GC Threshold) (young) (initial-mark), 0.0102468 secs]
   [Parallel Time: 8.6 ms, GC Workers: 8]
      [GC Worker Start (ms): Min: 31697.9, Avg: 31698.0, Max: 31698.0, Diff: 0.1]
      [Ext Root Scanning (ms): Min: 1.0, Avg: 1.1, Max: 1.3, Diff: 0.3, Sum: 8.9]
      [Update RS (ms): Min: 0.1, Avg: 0.2, Max: 0.4, Diff: 0.3, Sum: 1.9]
         [Processed Buffers: Min: 1, Avg: 1.5, Max: 5, Diff: 4, Sum: 12]
      [Scan RS (ms): Min: 0.0, Avg: 0.0, Max: 0.1, Diff: 0.1, Sum: 0.1]
      [Code Root Scanning (ms): Min: 0.0, Avg: 0.3, Max: 0.5, Diff: 0.5, Sum: 2.3]
      [Object Copy (ms): Min: 6.5, Avg: 6.8, Max: 7.1, Diff: 0.7, Sum: 54.7]
      [Termination (ms): Min: 0.0, Avg: 0.0, Max: 0.0, Diff: 0.0, Sum: 0.0]
         [Termination Attempts: Min: 1, Avg: 1.4, Max: 2, Diff: 1, Sum: 11]
      [GC Worker Other (ms): Min: 0.0, Avg: 0.0, Max: 0.0, Diff: 0.0, Sum: 0.2]
      [GC Worker Total (ms): Min: 8.5, Avg: 8.5, Max: 8.6, Diff: 0.1, Sum: 68.1]
      [GC Worker End (ms): Min: 31706.5, Avg: 31706.5, Max: 31706.5, Diff: 0.0]
   [Code Root Fixup: 0.1 ms]
   [Code Root Purge: 0.0 ms]
   [Clear CT: 0.1 ms]
   [Other: 1.4 ms]
      [Choose CSet: 0.0 ms]
      [Ref Proc: 1.0 ms]
      [Ref Enq: 0.0 ms]
      [Redirty Cards: 0.1 ms]
      [Humongous Register: 0.0 ms]
      [Humongous Reclaim: 0.0 ms]
      [Free CSet: 0.1 ms]
   [Eden: 148.0M(252.0M)->0.0B(283.0M) Survivors: 20.0M->19.0M Heap: 171.4M(1024.0M)->22.4M(1024.0M)]
 [Times: user=0.00 sys=0.00, real=0.01 secs] 
2020-10-28T19:56:31.450+0800: 31.708: [GC concurrent-root-region-scan-start]
2020-10-28T19:56:31.462+0800: 31.721: [GC concurrent-root-region-scan-end, 0.0123300 secs]
2020-10-28T19:56:31.462+0800: 31.721: [GC concurrent-mark-start]
2020-10-28T19:56:31.466+0800: 31.724: [GC concurrent-mark-end, 0.0035574 secs]
2020-10-28T19:56:31.466+0800: 31.725: [GC remark 2020-10-28T19:56:31.466+0800: 31.725: [Finalize Marking, 0.0001923 secs] 2020-10-28T19:56:31.466+0800: 31.725: [GC ref-proc, 0.0004438 secs] 2020-10-28T19:56:31.467+0800: 31.725: [Unloading, 0.0045225 secs], 0.0053967 secs]
 [Times: user=0.13 sys=0.00, real=0.00 secs] 
2020-10-28T19:56:31.472+0800: 31.730: [GC cleanup 32M->32M(1024M), 0.0006187 secs]
 [Times: user=0.00 sys=0.00, real=0.00 secs] 
2020-10-28T19:56:38.414+0800: 38.672: [GC pause (G1 Evacuation Pause) (young), 0.0134145 secs]
   [Parallel Time: 10.9 ms, GC Workers: 8]
      [GC Worker Start (ms): Min: 38672.7, Avg: 38672.7, Max: 38672.8, Diff: 0.1]
      [Ext Root Scanning (ms): Min: 0.2, Avg: 0.9, Max: 3.1, Diff: 2.9, Sum: 6.8]
      [Update RS (ms): Min: 0.0, Avg: 0.3, Max: 0.7, Diff: 0.7, Sum: 2.2]
         [Processed Buffers: Min: 0, Avg: 2.3, Max: 11, Diff: 11, Sum: 18]
      [Scan RS (ms): Min: 0.0, Avg: 0.1, Max: 0.1, Diff: 0.1, Sum: 0.4]
      [Code Root Scanning (ms): Min: 0.0, Avg: 0.7, Max: 1.3, Diff: 1.3, Sum: 5.6]
      [Object Copy (ms): Min: 7.6, Avg: 8.8, Max: 9.6, Diff: 2.0, Sum: 70.3]
      [Termination (ms): Min: 0.0, Avg: 0.0, Max: 0.0, Diff: 0.0, Sum: 0.1]
         [Termination Attempts: Min: 1, Avg: 30.4, Max: 49, Diff: 48, Sum: 243]
      [GC Worker Other (ms): Min: 0.0, Avg: 0.0, Max: 0.0, Diff: 0.0, Sum: 0.2]
      [GC Worker Total (ms): Min: 10.7, Avg: 10.7, Max: 10.8, Diff: 0.1, Sum: 85.7]
      [GC Worker End (ms): Min: 38683.4, Avg: 38683.5, Max: 38683.5, Diff: 0.0]
   [Code Root Fixup: 0.3 ms]
   [Code Root Purge: 0.1 ms]
   [Clear CT: 0.2 ms]
   [Other: 2.0 ms]
      [Choose CSet: 0.0 ms]
      [Ref Proc: 1.2 ms]
      [Ref Enq: 0.0 ms]
      [Redirty Cards: 0.1 ms]
      [Humongous Register: 0.0 ms]
      [Humongous Reclaim: 0.0 ms]
      [Free CSet: 0.4 ms]
   [Eden: 283.0M(283.0M)->0.0B(283.0M) Survivors: 19.0M->21.0M Heap: 305.4M(1024.0M)->24.4M(1024.0M)]
 [Times: user=0.11 sys=0.00, real=0.01 secs] 
2020-10-28T19:56:41.014+0800: 41.272: [GC pause (G1 Evacuation Pause) (young), 0.0109074 secs]
   [Parallel Time: 9.3 ms, GC Workers: 8]
      [GC Worker Start (ms): Min: 41272.4, Avg: 41272.5, Max: 41272.5, Diff: 0.0]
      [Ext Root Scanning (ms): Min: 0.3, Avg: 0.6, Max: 2.8, Diff: 2.5, Sum: 4.8]
      [Update RS (ms): Min: 0.0, Avg: 0.2, Max: 0.4, Diff: 0.4, Sum: 1.6]
         [Processed Buffers: Min: 0, Avg: 0.9, Max: 1, Diff: 1, Sum: 7]
      [Scan RS (ms): Min: 0.0, Avg: 0.0, Max: 0.1, Diff: 0.1, Sum: 0.3]
      [Code Root Scanning (ms): Min: 0.0, Avg: 1.0, Max: 2.7, Diff: 2.7, Sum: 7.8]
      [Object Copy (ms): Min: 5.8, Avg: 7.4, Max: 8.6, Diff: 2.8, Sum: 58.9]
      [Termination (ms): Min: 0.0, Avg: 0.0, Max: 0.0, Diff: 0.0, Sum: 0.1]
         [Termination Attempts: Min: 1, Avg: 53.6, Max: 72, Diff: 71, Sum: 429]
      [GC Worker Other (ms): Min: 0.0, Avg: 0.1, Max: 0.1, Diff: 0.1, Sum: 0.5]
      [GC Worker Total (ms): Min: 9.2, Avg: 9.2, Max: 9.3, Diff: 0.1, Sum: 73.9]
      [GC Worker End (ms): Min: 41281.7, Avg: 41281.7, Max: 41281.7, Diff: 0.1]
   [Code Root Fixup: 0.2 ms]
   [Code Root Purge: 0.0 ms]
   [Clear CT: 0.2 ms]
   [Other: 1.1 ms]
      [Choose CSet: 0.0 ms]
      [Ref Proc: 0.4 ms]
      [Ref Enq: 0.0 ms]
      [Redirty Cards: 0.1 ms]
      [Humongous Register: 0.0 ms]
      [Humongous Reclaim: 0.0 ms]
      [Free CSet: 0.3 ms]
   [Eden: 283.0M(283.0M)->0.0B(304.0M) Survivors: 21.0M->22.0M Heap: 307.4M(1024.0M)->24.9M(1024.0M)]
 [Times: user=0.13 sys=0.00, real=0.01 secs] 
2020-10-28T19:56:43.209+0800: 43.468: [GC pause (G1 Evacuation Pause) (young), 0.0116560 secs]
   [Parallel Time: 10.1 ms, GC Workers: 8]
      [GC Worker Start (ms): Min: 43467.9, Avg: 43467.9, Max: 43467.9, Diff: 0.1]
      [Ext Root Scanning (ms): Min: 0.3, Avg: 0.8, Max: 3.2, Diff: 3.0, Sum: 6.0]
      [Update RS (ms): Min: 0.0, Avg: 0.2, Max: 0.5, Diff: 0.5, Sum: 1.6]
         [Processed Buffers: Min: 0, Avg: 0.8, Max: 1, Diff: 1, Sum: 6]
      [Scan RS (ms): Min: 0.0, Avg: 0.0, Max: 0.1, Diff: 0.1, Sum: 0.3]
      [Code Root Scanning (ms): Min: 0.0, Avg: 0.5, Max: 1.3, Diff: 1.3, Sum: 4.2]
      [Object Copy (ms): Min: 6.7, Avg: 8.4, Max: 9.3, Diff: 2.5, Sum: 67.4]
      [Termination (ms): Min: 0.0, Avg: 0.0, Max: 0.0, Diff: 0.0, Sum: 0.1]
         [Termination Attempts: Min: 1, Avg: 61.1, Max: 79, Diff: 78, Sum: 489]
      [GC Worker Other (ms): Min: 0.0, Avg: 0.0, Max: 0.1, Diff: 0.1, Sum: 0.4]
      [GC Worker Total (ms): Min: 9.9, Avg: 10.0, Max: 10.0, Diff: 0.1, Sum: 80.0]
      [GC Worker End (ms): Min: 43477.9, Avg: 43477.9, Max: 43477.9, Diff: 0.1]
   [Code Root Fixup: 0.2 ms]
   [Code Root Purge: 0.0 ms]
   [Clear CT: 0.2 ms]
   [Other: 1.1 ms]
      [Choose CSet: 0.0 ms]
      [Ref Proc: 0.4 ms]
      [Ref Enq: 0.0 ms]
      [Redirty Cards: 0.1 ms]
      [Humongous Register: 0.0 ms]
      [Humongous Reclaim: 0.0 ms]
      [Free CSet: 0.3 ms]
   [Eden: 304.0M(304.0M)->0.0B(591.0M) Survivors: 22.0M->23.0M Heap: 328.9M(1024.0M)->25.9M(1024.0M)]
 [Times: user=0.02 sys=0.00, real=0.01 secs] 
2020-10-28T19:56:49.500+0800: 49.759: [GC pause (G1 Evacuation Pause) (young), 0.0136378 secs]
   [Parallel Time: 11.5 ms, GC Workers: 8]
      [GC Worker Start (ms): Min: 49758.8, Avg: 49759.0, Max: 49760.0, Diff: 1.1]
      [Ext Root Scanning (ms): Min: 0.0, Avg: 0.7, Max: 2.9, Diff: 2.9, Sum: 5.3]
      [Update RS (ms): Min: 0.0, Avg: 0.2, Max: 0.4, Diff: 0.4, Sum: 1.5]
         [Processed Buffers: Min: 0, Avg: 1.0, Max: 3, Diff: 3, Sum: 8]
      [Scan RS (ms): Min: 0.0, Avg: 0.1, Max: 0.2, Diff: 0.1, Sum: 0.5]
      [Code Root Scanning (ms): Min: 0.0, Avg: 0.6, Max: 2.3, Diff: 2.3, Sum: 4.8]
      [Object Copy (ms): Min: 8.4, Avg: 9.7, Max: 10.5, Diff: 2.1, Sum: 77.3]
      [Termination (ms): Min: 0.0, Avg: 0.1, Max: 0.1, Diff: 0.1, Sum: 0.5]
         [Termination Attempts: Min: 1, Avg: 26.4, Max: 41, Diff: 40, Sum: 211]
      [GC Worker Other (ms): Min: 0.0, Avg: 0.0, Max: 0.1, Diff: 0.1, Sum: 0.2]
      [GC Worker Total (ms): Min: 10.3, Avg: 11.3, Max: 11.4, Diff: 1.2, Sum: 90.0]
      [GC Worker End (ms): Min: 49770.2, Avg: 49770.2, Max: 49770.3, Diff: 0.1]
   [Code Root Fixup: 0.2 ms]
   [Code Root Purge: 0.0 ms]
   [Clear CT: 0.3 ms]
   [Other: 1.6 ms]
      [Choose CSet: 0.0 ms]
      [Ref Proc: 0.5 ms]
      [Ref Enq: 0.0 ms]
      [Redirty Cards: 0.1 ms]
      [Humongous Register: 0.0 ms]
      [Humongous Reclaim: 0.0 ms]
      [Free CSet: 0.7 ms]
   [Eden: 591.0M(591.0M)->0.0B(592.0M) Survivors: 23.0M->22.0M Heap: 616.9M(1024.0M)->24.9M(1024.0M)]
 [Times: user=0.11 sys=0.00, real=0.01 secs] 
2020-10-28T19:56:53.739+0800: 53.997: [GC pause (G1 Evacuation Pause) (young), 0.0124233 secs]
   [Parallel Time: 10.5 ms, GC Workers: 8]
      [GC Worker Start (ms): Min: 53997.4, Avg: 53997.4, Max: 53997.5, Diff: 0.1]
      [Ext Root Scanning (ms): Min: 0.4, Avg: 0.8, Max: 2.6, Diff: 2.3, Sum: 6.0]
      [Update RS (ms): Min: 0.0, Avg: 0.2, Max: 0.4, Diff: 0.4, Sum: 1.6]
         [Processed Buffers: Min: 0, Avg: 0.8, Max: 1, Diff: 1, Sum: 6]
      [Scan RS (ms): Min: 0.0, Avg: 0.1, Max: 0.2, Diff: 0.2, Sum: 0.5]
      [Code Root Scanning (ms): Min: 0.0, Avg: 0.5, Max: 1.8, Diff: 1.8, Sum: 4.1]
      [Object Copy (ms): Min: 7.8, Avg: 8.9, Max: 9.5, Diff: 1.8, Sum: 70.8]
      [Termination (ms): Min: 0.0, Avg: 0.0, Max: 0.0, Diff: 0.0, Sum: 0.1]
         [Termination Attempts: Min: 1, Avg: 55.4, Max: 73, Diff: 72, Sum: 443]
      [GC Worker Other (ms): Min: 0.0, Avg: 0.0, Max: 0.1, Diff: 0.0, Sum: 0.4]
      [GC Worker Total (ms): Min: 10.4, Avg: 10.4, Max: 10.5, Diff: 0.1, Sum: 83.4]
      [GC Worker End (ms): Min: 54007.8, Avg: 54007.9, Max: 54007.9, Diff: 0.0]
   [Code Root Fixup: 0.3 ms]
   [Code Root Purge: 0.0 ms]
   [Clear CT: 0.3 ms]
   [Other: 1.3 ms]
      [Choose CSet: 0.0 ms]
      [Ref Proc: 0.5 ms]
      [Ref Enq: 0.0 ms]
      [Redirty Cards: 0.2 ms]
      [Humongous Register: 0.0 ms]
      [Humongous Reclaim: 0.0 ms]
      [Free CSet: 0.4 ms]
   [Eden: 592.0M(592.0M)->0.0B(592.0M) Survivors: 22.0M->22.0M Heap: 616.9M(1024.0M)->24.9M(1024.0M)]
 [Times: user=0.00 sys=0.00, real=0.01 secs] 
2020-10-28T19:56:58.546+0800: 58.804: [GC pause (G1 Evacuation Pause) (young), 0.0117705 secs]
   [Parallel Time: 9.8 ms, GC Workers: 8]
      [GC Worker Start (ms): Min: 58804.6, Avg: 58804.6, Max: 58804.7, Diff: 0.1]
      [Ext Root Scanning (ms): Min: 0.3, Avg: 0.7, Max: 2.6, Diff: 2.3, Sum: 5.3]
      [Update RS (ms): Min: 0.0, Avg: 0.3, Max: 0.4, Diff: 0.4, Sum: 2.0]
         [Processed Buffers: Min: 0, Avg: 0.8, Max: 1, Diff: 1, Sum: 6]
      [Scan RS (ms): Min: 0.0, Avg: 0.1, Max: 0.2, Diff: 0.1, Sum: 0.6]
      [Code Root Scanning (ms): Min: 0.0, Avg: 1.5, Max: 8.7, Diff: 8.7, Sum: 12.2]
      [Object Copy (ms): Min: 0.3, Avg: 6.9, Max: 8.6, Diff: 8.3, Sum: 55.5]
      [Termination (ms): Min: 0.0, Avg: 0.3, Max: 0.3, Diff: 0.3, Sum: 2.0]
         [Termination Attempts: Min: 1, Avg: 21.1, Max: 34, Diff: 33, Sum: 169]
      [GC Worker Other (ms): Min: 0.0, Avg: 0.0, Max: 0.0, Diff: 0.0, Sum: 0.2]
      [GC Worker Total (ms): Min: 9.7, Avg: 9.7, Max: 9.8, Diff: 0.1, Sum: 77.9]
      [GC Worker End (ms): Min: 58814.3, Avg: 58814.4, Max: 58814.4, Diff: 0.0]
   [Code Root Fixup: 0.2 ms]
   [Code Root Purge: 0.0 ms]
   [Clear CT: 0.3 ms]
   [Other: 1.5 ms]
      [Choose CSet: 0.0 ms]
      [Ref Proc: 0.5 ms]
      [Ref Enq: 0.0 ms]
      [Redirty Cards: 0.2 ms]
      [Humongous Register: 0.0 ms]
      [Humongous Reclaim: 0.0 ms]
      [Free CSet: 0.5 ms]
   [Eden: 592.0M(592.0M)->0.0B(594.0M) Survivors: 22.0M->20.0M Heap: 616.9M(1024.0M)->23.4M(1024.0M)]
 [Times: user=0.11 sys=0.00, real=0.01 secs] 
2020-10-28T19:57:02.693+0800: 62.952: [GC pause (G1 Evacuation Pause) (young), 0.0115015 secs]
   [Parallel Time: 9.4 ms, GC Workers: 8]
      [GC Worker Start (ms): Min: 62952.6, Avg: 62952.6, Max: 62952.7, Diff: 0.0]
      [Ext Root Scanning (ms): Min: 0.3, Avg: 0.6, Max: 2.5, Diff: 2.2, Sum: 4.9]
      [Update RS (ms): Min: 0.0, Avg: 0.2, Max: 0.4, Diff: 0.4, Sum: 1.7]
         [Processed Buffers: Min: 0, Avg: 1.0, Max: 2, Diff: 2, Sum: 8]
      [Scan RS (ms): Min: 0.0, Avg: 0.1, Max: 0.1, Diff: 0.1, Sum: 0.5]
      [Code Root Scanning (ms): Min: 0.0, Avg: 0.5, Max: 1.4, Diff: 1.4, Sum: 4.1]
      [Object Copy (ms): Min: 6.7, Avg: 7.8, Max: 8.4, Diff: 1.7, Sum: 62.4]
      [Termination (ms): Min: 0.0, Avg: 0.1, Max: 0.1, Diff: 0.1, Sum: 0.8]
         [Termination Attempts: Min: 1, Avg: 42.1, Max: 60, Diff: 59, Sum: 337]
      [GC Worker Other (ms): Min: 0.0, Avg: 0.0, Max: 0.0, Diff: 0.0, Sum: 0.1]
      [GC Worker Total (ms): Min: 9.2, Avg: 9.3, Max: 9.3, Diff: 0.1, Sum: 74.5]
      [GC Worker End (ms): Min: 62961.9, Avg: 62962.0, Max: 62962.0, Diff: 0.1]
   [Code Root Fixup: 0.3 ms]
   [Code Root Purge: 0.0 ms]
   [Clear CT: 0.3 ms]
   [Other: 1.5 ms]
      [Choose CSet: 0.0 ms]
      [Ref Proc: 0.5 ms]
      [Ref Enq: 0.0 ms]
      [Redirty Cards: 0.1 ms]
      [Humongous Register: 0.1 ms]
      [Humongous Reclaim: 0.0 ms]
      [Free CSet: 0.6 ms]
   [Eden: 594.0M(594.0M)->0.0B(592.0M) Survivors: 20.0M->22.0M Heap: 617.4M(1024.0M)->24.9M(1024.0M)]
 [Times: user=0.02 sys=0.00, real=0.01 secs] 
2020-10-28T19:57:06.866+0800: 67.125: [GC pause (G1 Evacuation Pause) (young), 0.0106016 secs]
   [Parallel Time: 8.7 ms, GC Workers: 8]
      [GC Worker Start (ms): Min: 67124.9, Avg: 67125.0, Max: 67125.0, Diff: 0.1]
      [Ext Root Scanning (ms): Min: 0.2, Avg: 0.6, Max: 2.5, Diff: 2.2, Sum: 4.6]
      [Update RS (ms): Min: 0.0, Avg: 0.2, Max: 0.4, Diff: 0.4, Sum: 1.5]
         [Processed Buffers: Min: 0, Avg: 1.0, Max: 2, Diff: 2, Sum: 8]
      [Scan RS (ms): Min: 0.0, Avg: 0.1, Max: 0.1, Diff: 0.1, Sum: 0.5]
      [Code Root Scanning (ms): Min: 0.0, Avg: 0.4, Max: 0.8, Diff: 0.8, Sum: 3.2]
      [Object Copy (ms): Min: 6.1, Avg: 7.3, Max: 7.8, Diff: 1.7, Sum: 58.2]
      [Termination (ms): Min: 0.0, Avg: 0.0, Max: 0.0, Diff: 0.0, Sum: 0.1]
         [Termination Attempts: Min: 1, Avg: 55.1, Max: 76, Diff: 75, Sum: 441]
      [GC Worker Other (ms): Min: 0.0, Avg: 0.0, Max: 0.1, Diff: 0.0, Sum: 0.4]
      [GC Worker Total (ms): Min: 8.5, Avg: 8.5, Max: 8.6, Diff: 0.1, Sum: 68.4]
      [GC Worker End (ms): Min: 67133.5, Avg: 67133.5, Max: 67133.6, Diff: 0.0]
   [Code Root Fixup: 0.3 ms]
   [Code Root Purge: 0.0 ms]
   [Clear CT: 0.3 ms]
   [Other: 1.3 ms]
      [Choose CSet: 0.0 ms]
      [Ref Proc: 0.5 ms]
      [Ref Enq: 0.0 ms]
      [Redirty Cards: 0.1 ms]
      [Humongous Register: 0.0 ms]
      [Humongous Reclaim: 0.0 ms]
      [Free CSet: 0.5 ms]
   [Eden: 592.0M(592.0M)->0.0B(592.0M) Survivors: 22.0M->22.0M Heap: 616.9M(1024.0M)->25.4M(1024.0M)]
 [Times: user=0.02 sys=0.00, real=0.01 secs] 
2020-10-28T19:57:10.890+0800: 71.148: [GC pause (G1 Evacuation Pause) (young), 0.0114139 secs]
   [Parallel Time: 9.4 ms, GC Workers: 8]
      [GC Worker Start (ms): Min: 71148.4, Avg: 71148.4, Max: 71148.4, Diff: 0.1]
      [Ext Root Scanning (ms): Min: 0.3, Avg: 0.7, Max: 2.7, Diff: 2.4, Sum: 5.9]
      [Update RS (ms): Min: 0.0, Avg: 0.3, Max: 0.6, Diff: 0.6, Sum: 2.0]
         [Processed Buffers: Min: 0, Avg: 1.0, Max: 3, Diff: 3, Sum: 8]
      [Scan RS (ms): Min: 0.0, Avg: 0.1, Max: 0.2, Diff: 0.2, Sum: 0.6]
      [Code Root Scanning (ms): Min: 0.0, Avg: 0.4, Max: 0.9, Diff: 0.9, Sum: 3.5]
      [Object Copy (ms): Min: 6.6, Avg: 7.7, Max: 8.4, Diff: 1.8, Sum: 61.7]
      [Termination (ms): Min: 0.0, Avg: 0.0, Max: 0.0, Diff: 0.0, Sum: 0.1]
         [Termination Attempts: Min: 1, Avg: 60.9, Max: 77, Diff: 76, Sum: 487]
      [GC Worker Other (ms): Min: 0.0, Avg: 0.0, Max: 0.1, Diff: 0.0, Sum: 0.4]
      [GC Worker Total (ms): Min: 9.2, Avg: 9.3, Max: 9.3, Diff: 0.1, Sum: 74.2]
      [GC Worker End (ms): Min: 71157.6, Avg: 71157.7, Max: 71157.7, Diff: 0.0]
   [Code Root Fixup: 0.2 ms]
   [Code Root Purge: 0.0 ms]
   [Clear CT: 0.3 ms]
   [Other: 1.5 ms]
      [Choose CSet: 0.0 ms]
      [Ref Proc: 0.5 ms]
      [Ref Enq: 0.0 ms]
      [Redirty Cards: 0.1 ms]
      [Humongous Register: 0.1 ms]
      [Humongous Reclaim: 0.0 ms]
      [Free CSet: 0.5 ms]
   [Eden: 592.0M(592.0M)->0.0B(594.0M) Survivors: 22.0M->20.0M Heap: 617.4M(1024.0M)->24.2M(1024.0M)]
 [Times: user=0.09 sys=0.00, real=0.01 secs] 
2020-10-28T19:57:16.299+0800: 76.558: [GC pause (G1 Evacuation Pause) (young), 0.0110004 secs]
   [Parallel Time: 9.3 ms, GC Workers: 8]
      [GC Worker Start (ms): Min: 76557.8, Avg: 76557.9, Max: 76557.9, Diff: 0.1]
      [Ext Root Scanning (ms): Min: 0.3, Avg: 0.6, Max: 2.3, Diff: 2.1, Sum: 4.6]
      [Update RS (ms): Min: 0.0, Avg: 0.5, Max: 0.9, Diff: 0.9, Sum: 3.7]
         [Processed Buffers: Min: 0, Avg: 1.5, Max: 3, Diff: 3, Sum: 12]
      [Scan RS (ms): Min: 0.0, Avg: 0.1, Max: 0.2, Diff: 0.2, Sum: 0.6]
      [Code Root Scanning (ms): Min: 0.0, Avg: 0.7, Max: 2.0, Diff: 2.0, Sum: 5.9]
      [Object Copy (ms): Min: 6.0, Avg: 7.2, Max: 8.2, Diff: 2.2, Sum: 57.7]
      [Termination (ms): Min: 0.0, Avg: 0.1, Max: 0.1, Diff: 0.1, Sum: 0.9]
         [Termination Attempts: Min: 1, Avg: 29.8, Max: 41, Diff: 40, Sum: 238]
      [GC Worker Other (ms): Min: 0.0, Avg: 0.0, Max: 0.0, Diff: 0.0, Sum: 0.2]
      [GC Worker Total (ms): Min: 9.1, Avg: 9.2, Max: 9.3, Diff: 0.2, Sum: 73.7]
      [GC Worker End (ms): Min: 76567.0, Avg: 76567.1, Max: 76567.1, Diff: 0.1]
   [Code Root Fixup: 0.2 ms]
   [Code Root Purge: 0.0 ms]
   [Clear CT: 0.2 ms]
   [Other: 1.2 ms]
      [Choose CSet: 0.0 ms]
      [Ref Proc: 0.3 ms]
      [Ref Enq: 0.0 ms]
      [Redirty Cards: 0.2 ms]
      [Humongous Register: 0.0 ms]
      [Humongous Reclaim: 0.0 ms]
      [Free CSet: 0.5 ms]
   [Eden: 594.0M(594.0M)->0.0B(594.0M) Survivors: 20.0M->20.0M Heap: 618.2M(1024.0M)->24.6M(1024.0M)]
 [Times: user=0.00 sys=0.00, real=0.01 secs] 
2020-10-28T19:57:20.707+0800: 80.965: [GC pause (G1 Evacuation Pause) (young), 0.0108433 secs]
   [Parallel Time: 9.1 ms, GC Workers: 8]
      [GC Worker Start (ms): Min: 80965.1, Avg: 80965.1, Max: 80965.2, Diff: 0.1]
      [Ext Root Scanning (ms): Min: 0.3, Avg: 0.6, Max: 2.2, Diff: 2.0, Sum: 4.9]
      [Update RS (ms): Min: 0.0, Avg: 0.5, Max: 0.8, Diff: 0.8, Sum: 3.8]
         [Processed Buffers: Min: 0, Avg: 1.5, Max: 3, Diff: 3, Sum: 12]
      [Scan RS (ms): Min: 0.0, Avg: 0.1, Max: 0.2, Diff: 0.2, Sum: 0.6]
      [Code Root Scanning (ms): Min: 0.0, Avg: 1.3, Max: 7.7, Diff: 7.7, Sum: 10.4]
      [Object Copy (ms): Min: 0.2, Avg: 6.2, Max: 7.6, Diff: 7.3, Sum: 49.4]
      [Termination (ms): Min: 0.0, Avg: 0.3, Max: 0.5, Diff: 0.5, Sum: 2.6]
         [Termination Attempts: Min: 1, Avg: 16.6, Max: 26, Diff: 25, Sum: 133]
      [GC Worker Other (ms): Min: 0.0, Avg: 0.0, Max: 0.1, Diff: 0.1, Sum: 0.3]
      [GC Worker Total (ms): Min: 9.0, Avg: 9.0, Max: 9.0, Diff: 0.1, Sum: 72.1]
      [GC Worker End (ms): Min: 80974.1, Avg: 80974.1, Max: 80974.2, Diff: 0.1]
   [Code Root Fixup: 0.1 ms]
   [Code Root Purge: 0.0 ms]
   [Clear CT: 0.3 ms]
   [Other: 1.3 ms]
      [Choose CSet: 0.0 ms]
      [Ref Proc: 0.4 ms]
      [Ref Enq: 0.0 ms]
      [Redirty Cards: 0.1 ms]
      [Humongous Register: 0.0 ms]
      [Humongous Reclaim: 0.0 ms]
      [Free CSet: 0.6 ms]
   [Eden: 594.0M(594.0M)->0.0B(595.0M) Survivors: 20.0M->19.0M Heap: 618.6M(1024.0M)->24.3M(1024.0M)]
 [Times: user=0.00 sys=0.00, real=0.01 secs] 
2020-10-28T19:57:25.083+0800: 85.342: [GC pause (G1 Evacuation Pause) (young), 0.0101664 secs]
   [Parallel Time: 8.6 ms, GC Workers: 8]
      [GC Worker Start (ms): Min: 85342.0, Avg: 85342.1, Max: 85342.1, Diff: 0.1]
      [Ext Root Scanning (ms): Min: 0.3, Avg: 0.6, Max: 2.0, Diff: 1.7, Sum: 5.2]
      [Update RS (ms): Min: 0.0, Avg: 0.5, Max: 0.9, Diff: 0.9, Sum: 4.0]
         [Processed Buffers: Min: 0, Avg: 1.6, Max: 3, Diff: 3, Sum: 13]
      [Scan RS (ms): Min: 0.0, Avg: 0.1, Max: 0.1, Diff: 0.1, Sum: 0.5]
      [Code Root Scanning (ms): Min: 0.0, Avg: 0.5, Max: 1.3, Diff: 1.3, Sum: 4.2]
      [Object Copy (ms): Min: 6.2, Avg: 6.7, Max: 7.3, Diff: 1.1, Sum: 53.6]
      [Termination (ms): Min: 0.0, Avg: 0.0, Max: 0.0, Diff: 0.0, Sum: 0.1]
         [Termination Attempts: Min: 1, Avg: 32.1, Max: 48, Diff: 47, Sum: 257]
      [GC Worker Other (ms): Min: 0.0, Avg: 0.0, Max: 0.1, Diff: 0.1, Sum: 0.3]
      [GC Worker Total (ms): Min: 8.5, Avg: 8.5, Max: 8.5, Diff: 0.1, Sum: 67.9]
      [GC Worker End (ms): Min: 85350.5, Avg: 85350.6, Max: 85350.6, Diff: 0.0]
   [Code Root Fixup: 0.2 ms]
   [Code Root Purge: 0.0 ms]
   [Clear CT: 0.3 ms]
   [Other: 1.1 ms]
      [Choose CSet: 0.0 ms]
      [Ref Proc: 0.4 ms]
      [Ref Enq: 0.0 ms]
      [Redirty Cards: 0.1 ms]
      [Humongous Register: 0.0 ms]
      [Humongous Reclaim: 0.0 ms]
      [Free CSet: 0.4 ms]
   [Eden: 595.0M(595.0M)->0.0B(595.0M) Survivors: 19.0M->19.0M Heap: 619.3M(1024.0M)->25.0M(1024.0M)]
 [Times: user=0.00 sys=0.00, real=0.01 secs] 
2020-10-28T19:57:29.409+0800: 89.668: [GC pause (G1 Evacuation Pause) (young), 0.0094162 secs]
   [Parallel Time: 7.7 ms, GC Workers: 8]
      [GC Worker Start (ms): Min: 89668.0, Avg: 89668.0, Max: 89668.0, Diff: 0.1]
      [Ext Root Scanning (ms): Min: 0.3, Avg: 0.5, Max: 1.9, Diff: 1.6, Sum: 4.2]
      [Update RS (ms): Min: 0.0, Avg: 0.7, Max: 1.2, Diff: 1.2, Sum: 5.5]
         [Processed Buffers: Min: 0, Avg: 1.8, Max: 4, Diff: 4, Sum: 14]
      [Scan RS (ms): Min: 0.0, Avg: 0.1, Max: 0.2, Diff: 0.2, Sum: 0.5]
      [Code Root Scanning (ms): Min: 0.0, Avg: 0.3, Max: 0.6, Diff: 0.6, Sum: 2.2]
      [Object Copy (ms): Min: 5.7, Avg: 6.0, Max: 6.3, Diff: 0.6, Sum: 48.0]
      [Termination (ms): Min: 0.0, Avg: 0.0, Max: 0.0, Diff: 0.0, Sum: 0.0]
         [Termination Attempts: Min: 1, Avg: 9.5, Max: 16, Diff: 15, Sum: 76]
      [GC Worker Other (ms): Min: 0.0, Avg: 0.0, Max: 0.1, Diff: 0.0, Sum: 0.3]
      [GC Worker Total (ms): Min: 7.5, Avg: 7.6, Max: 7.6, Diff: 0.1, Sum: 60.7]
      [GC Worker End (ms): Min: 89675.6, Avg: 89675.6, Max: 89675.6, Diff: 0.0]
   [Code Root Fixup: 0.2 ms]
   [Code Root Purge: 0.1 ms]
   [Clear CT: 0.2 ms]
   [Other: 1.2 ms]
      [Choose CSet: 0.0 ms]
      [Ref Proc: 0.4 ms]
      [Ref Enq: 0.0 ms]
      [Redirty Cards: 0.1 ms]
      [Humongous Register: 0.0 ms]
      [Humongous Reclaim: 0.0 ms]
      [Free CSet: 0.6 ms]
   [Eden: 595.0M(595.0M)->0.0B(599.0M) Survivors: 19.0M->15.0M Heap: 620.0M(1024.0M)->23.8M(1024.0M)]
 [Times: user=0.00 sys=0.00, real=0.01 secs] 
Heap
 garbage-first heap   total 1048576K, used 304922K [0x00000000c0000000, 0x00000000c0102000, 0x0000000100000000)
  region size 1024K, 290 young (296960K), 15 survivors (15360K)
 Metaspace       used 36677K, capacity 38770K, committed 39036K, reserved 1083392K
  class space    used 4633K, capacity 4998K, committed 5040K, reserved 1048576K
